/Users/lincui/Desktop/api/CONSTDU/src/main/java/com/pikachu/constdu/dto/SignUpDto.java
/Users/lincui/Desktop/api/CONSTDU/src/main/java/com/pikachu/constdu/config/security/RsaKeyProperties.java
/Users/lincui/Desktop/api/CONSTDU/src/main/java/com/pikachu/constdu/services/EmailService.java
/Users/lincui/Desktop/api/CONSTDU/src/main/java/com/pikachu/constdu/dto/SignInDto.java
/Users/lincui/Desktop/api/CONSTDU/src/main/java/com/pikachu/constdu/config/security/SecurityConfig.java
/Users/lincui/Desktop/api/CONSTDU/src/main/java/com/pikachu/constdu/models/Case.java
/Users/lincui/Desktop/api/CONSTDU/src/main/java/com/pikachu/constdu/models/Role.java
/Users/lincui/Desktop/api/CONSTDU/src/main/java/com/pikachu/constdu/infrastructures/PDFUtil.java
/Users/lincui/Desktop/api/CONSTDU/src/main/java/com/pikachu/constdu/services/FileService.java
/Users/lincui/Desktop/api/CONSTDU/src/main/java/com/pikachu/constdu/services/UserService.java
/Users/lincui/Desktop/api/CONSTDU/src/main/java/com/pikachu/constdu/infrastructures/FileZipper.java
/Users/lincui/Desktop/api/CONSTDU/src/main/java/com/pikachu/constdu/ConstduApplication.java
/Users/lincui/Desktop/api/CONSTDU/src/main/java/com/pikachu/constdu/services/ZipService.java
/Users/lincui/Desktop/api/CONSTDU/src/main/java/com/pikachu/constdu/repositories/UserRepository.java
/Users/lincui/Desktop/api/CONSTDU/src/main/java/com/pikachu/constdu/dto/ResponseDto.java
/Users/lincui/Desktop/api/CONSTDU/src/main/java/com/pikachu/constdu/dto/test/TestSignInDto.java
/Users/lincui/Desktop/api/CONSTDU/src/main/java/com/pikachu/constdu/dto/test/FormDto.java
/Users/lincui/Desktop/api/CONSTDU/src/main/java/com/pikachu/constdu/config/security/UserDetailedServiceImpl.java
/Users/lincui/Desktop/api/CONSTDU/src/main/java/com/pikachu/constdu/dto/SignUpResponseDto.java
/Users/lincui/Desktop/api/CONSTDU/src/main/java/com/pikachu/constdu/dto/SignInResponseDto.java
/Users/lincui/Desktop/api/CONSTDU/src/main/java/com/pikachu/constdu/apiControllers/UserController.java
/Users/lincui/Desktop/api/CONSTDU/src/main/java/com/pikachu/constdu/infrastructures/ConfigUtil.java
/Users/lincui/Desktop/api/CONSTDU/src/main/java/com/pikachu/constdu/apiControllers/TestController.java
/Users/lincui/Desktop/api/CONSTDU/src/main/java/com/pikachu/constdu/exceptions/CustomException.java
/Users/lincui/Desktop/api/CONSTDU/src/main/java/com/pikachu/constdu/models/User.java
/Users/lincui/Desktop/api/CONSTDU/src/main/java/com/pikachu/constdu/config/security/AccessDeniedHandler.java
/Users/lincui/Desktop/api/CONSTDU/src/main/java/com/pikachu/constdu/repositories/RoleRepository.java
/Users/lincui/Desktop/api/CONSTDU/src/main/java/com/pikachu/constdu/exceptions/ExceptionControllerAdvice.java
/Users/lincui/Desktop/api/CONSTDU/src/main/java/com/pikachu/constdu/webControllers/HomeController.java
/Users/lincui/Desktop/api/CONSTDU/src/main/java/com/pikachu/constdu/services/TokenService.java
